// Jest Snapshot v1, https://goo.gl/fbAQLP

exports[`Tree should mount correctly 1`] = `
<GeistTreeFile
  name="package.json"
/>
`;

exports[`Tree should mount correctly 2`] = `
<GeistTreeFolder
  name="components"
/>
`;

exports[`Tree should mount correctly 3`] = `ReactWrapper {}`;
